COUT	EQU $FDED
PTR1	EQU $EE
Output3.text	EQU PTR1
* COPYBB @A (Output3.text),#$00
Output3	LDY #$00
	LDA (Output3.text),Y
	JSR COUT
* COPYBB @A (Output3.text),#$01
	LDY #$01
	LDA (Output3.text),Y
	JSR COUT
* COPYBB @A Characters+$02
	LDA Characters+$02
	JSR COUT
* COPYBB Output3.len #$03
	LDA #$03
	STA Output3.len
	RTS
Characters	HEX 00000000
Output3.len	HEX 00
