*
	ORG $800
	JSR main
	JMP $3D0
INIT	EQU $FB2F
HOME	EQU $FC58
CROUT	EQU $FD8E
PRNTYX	EQU $F940
main	JSR INIT
	JSR HOME
* COPYWW @YX #$BE,#$AD
	LDX #$AD
	LDY #$BE
	JSR PRNTYX
	JMP CROUT
